// Jest Snapshot v1, https://goo.gl/fbAQLP

exports[`expects to render Card Component 1`] = `ShallowWrapper {}`;
